current directory: /home/shirleags/todo_api/vendor/bundle/ruby/3.0.0/gems/bson-5.2.0/ext/bson
/usr/bin/ruby3.0 -I /usr/lib/ruby/vendor_ruby -r ./siteconf20260308-81476-qw2rsy.rb extconf.rb
checking for whether -Wall is accepted as CFLAGS... yes
checking for whether -g is accepted as CFLAGS... yes
checking for whether -std=c99 is accepted as CFLAGS... yes
creating Makefile

current directory: /home/shirleags/todo_api/vendor/bundle/ruby/3.0.0/gems/bson-5.2.0/ext/bson
make DESTDIR\= clean

current directory: /home/shirleags/todo_api/vendor/bundle/ruby/3.0.0/gems/bson-5.2.0/ext/bson
make DESTDIR\=
compiling bytebuf.c
compiling endian.c
compiling init.c
compiling libbson-utf8.c
compiling read.c
compiling util.c
compiling write.c
linking shared-object bson_native.so

current directory: /home/shirleags/todo_api/vendor/bundle/ruby/3.0.0/gems/bson-5.2.0/ext/bson
make DESTDIR\= install
/usr/bin/install -c -m 0755 bson_native.so ./.gem.20260308-81476-jo8ahi
